// Jest Snapshot v1, https://goo.gl/fbAQLP

exports[`markdown-magic-prettier adds a closing tag if it is forgotten 1`] = `
"\`\`\`js
console.log('hello world');
\`\`\`"
`;

exports[`markdown-magic-prettier formats code blocks 1`] = `
"\`\`\`js
console.log('hello world');
\`\`\`"
`;

exports[`markdown-magic-prettier returns original content if codeblock is not found 1`] = `"foo bar"`;

exports[`markdown-magic-prettier returns original content if codeblock is not found 2`] = `"\`\`\`"`;
